{"level":"info","message":"Running on Node.js - Version 24.14.1","timestamp":"2026-04-07 23:25:33"}
{"level":"info","message":"Foundry Virtual Tabletop - Version 14 Build 359","timestamp":"2026-04-07 23:25:33"}
{"level":"info","message":"User Data Directory - \"/foundry/data\"","timestamp":"2026-04-07 23:25:33"}
{"level":"info","message":"Saved application configuration options to /foundry/data/Config/options.json","timestamp":"2026-04-07 23:25:33"}
{"level":"info","message":"Application Options:\n{\n  \"compressStatic\": true,\n  \"fullscreen\": false,\n  \"hostname\": null,\n  \"language\": \"en.core\",\n  \"localHostname\": null,\n  \"port\": 30000,\n  \"proxyPort\": null,\n  \"proxySSL\": false,\n  \"routePrefix\": null,\n  \"updateChannel\": \"stable\",\n  \"upnp\": true,\n  \"awsConfig\": null,\n  \"compressSocket\": true,\n  \"cssTheme\": \"dark\",\n  \"tempDir\": null,\n  \"deleteNEDB\": false,\n  \"hotReload\": false,\n  \"passwordSalt\": null,\n  \"unixSocket\": null,\n  \"sslCert\": null,\n  \"sslKey\": null,\n  \"world\": null,\n  \"serviceConfig\": null,\n  \"adminPassword\": null,\n  \"noBackups\": false\n}","timestamp":"2026-04-07 23:25:33"}
{"level":"warn","message":"Software license requires signature.","timestamp":"2026-04-07 23:25:33"}
{"level":"info","message":"Requesting UPnP port forwarding to destination port 30000","timestamp":"2026-04-07 23:25:33"}
{"level":"info","message":"Server started and listening on port 30000","timestamp":"2026-04-07 23:25:35"}
{"level":"info","message":"Created client session 11591f9c0c93dd2c2d202e29","timestamp":"2026-04-07 23:27:09"}
{"level":"info","message":"Running on Node.js - Version 24.14.1","timestamp":"2026-04-07 23:31:34"}
{"level":"info","message":"Foundry Virtual Tabletop - Version 14 Build 359","timestamp":"2026-04-07 23:31:34"}
{"level":"info","message":"User Data Directory - \"/foundry/data\"","timestamp":"2026-04-07 23:31:34"}
{"level":"error","message":"A fatal error occurred while trying to start the Foundry Virtual Tabletop server: Foundry VTT cannot start in this directory which is already locked by another process.","stack":"Error: A fatal error occurred while trying to start the Foundry Virtual Tabletop server: Foundry VTT cannot start in this directory which is already locked by another process.\n    at acquireLockFile (file:///foundry/app/dist/init.mjs:1:5332)\n    at async initializeCriticalFunctions (file:///foundry/app/dist/init.mjs:1:2680)\n    at async Module.initialize (file:///foundry/app/dist/init.mjs:1:1624)","timestamp":"2026-04-07 23:31:34"}
{"level":"info","message":"Running on Node.js - Version 24.14.1","timestamp":"2026-04-07 23:31:36"}
{"level":"info","message":"Foundry Virtual Tabletop - Version 14 Build 359","timestamp":"2026-04-07 23:31:36"}
{"level":"info","message":"User Data Directory - \"/foundry/data\"","timestamp":"2026-04-07 23:31:36"}
{"level":"error","message":"A fatal error occurred while trying to start the Foundry Virtual Tabletop server: Foundry VTT cannot start in this directory which is already locked by another process.","stack":"Error: A fatal error occurred while trying to start the Foundry Virtual Tabletop server: Foundry VTT cannot start in this directory which is already locked by another process.\n    at acquireLockFile (file:///foundry/app/dist/init.mjs:1:5332)\n    at async initializeCriticalFunctions (file:///foundry/app/dist/init.mjs:1:2680)\n    at async Module.initialize (file:///foundry/app/dist/init.mjs:1:1624)","timestamp":"2026-04-07 23:31:36"}
{"level":"info","message":"Running on Node.js - Version 24.14.1","timestamp":"2026-04-07 23:31:37"}
{"level":"info","message":"Foundry Virtual Tabletop - Version 14 Build 359","timestamp":"2026-04-07 23:31:37"}
{"level":"info","message":"User Data Directory - \"/foundry/data\"","timestamp":"2026-04-07 23:31:37"}
{"level":"error","message":"A fatal error occurred while trying to start the Foundry Virtual Tabletop server: Foundry VTT cannot start in this directory which is already locked by another process.","stack":"Error: A fatal error occurred while trying to start the Foundry Virtual Tabletop server: Foundry VTT cannot start in this directory which is already locked by another process.\n    at acquireLockFile (file:///foundry/app/dist/init.mjs:1:5332)\n    at async initializeCriticalFunctions (file:///foundry/app/dist/init.mjs:1:2680)\n    at async Module.initialize (file:///foundry/app/dist/init.mjs:1:1624)","timestamp":"2026-04-07 23:31:37"}
{"level":"info","message":"Running on Node.js - Version 24.14.1","timestamp":"2026-04-07 23:31:38"}
{"level":"info","message":"Foundry Virtual Tabletop - Version 14 Build 359","timestamp":"2026-04-07 23:31:38"}
{"level":"info","message":"User Data Directory - \"/foundry/data\"","timestamp":"2026-04-07 23:31:38"}
{"level":"error","message":"A fatal error occurred while trying to start the Foundry Virtual Tabletop server: Foundry VTT cannot start in this directory which is already locked by another process.","stack":"Error: A fatal error occurred while trying to start the Foundry Virtual Tabletop server: Foundry VTT cannot start in this directory which is already locked by another process.\n    at acquireLockFile (file:///foundry/app/dist/init.mjs:1:5332)\n    at async initializeCriticalFunctions (file:///foundry/app/dist/init.mjs:1:2680)\n    at async Module.initialize (file:///foundry/app/dist/init.mjs:1:1624)","timestamp":"2026-04-07 23:31:38"}
{"level":"info","message":"Running on Node.js - Version 24.14.1","timestamp":"2026-04-07 23:31:40"}
{"level":"info","message":"Foundry Virtual Tabletop - Version 14 Build 359","timestamp":"2026-04-07 23:31:40"}
{"level":"info","message":"User Data Directory - \"/foundry/data\"","timestamp":"2026-04-07 23:31:40"}
{"level":"error","message":"A fatal error occurred while trying to start the Foundry Virtual Tabletop server: Foundry VTT cannot start in this directory which is already locked by another process.","stack":"Error: A fatal error occurred while trying to start the Foundry Virtual Tabletop server: Foundry VTT cannot start in this directory which is already locked by another process.\n    at acquireLockFile (file:///foundry/app/dist/init.mjs:1:5332)\n    at async initializeCriticalFunctions (file:///foundry/app/dist/init.mjs:1:2680)\n    at async Module.initialize (file:///foundry/app/dist/init.mjs:1:1624)","timestamp":"2026-04-07 23:31:40"}
{"level":"info","message":"Running on Node.js - Version 24.14.1","timestamp":"2026-04-07 23:31:43"}
{"level":"info","message":"Foundry Virtual Tabletop - Version 14 Build 359","timestamp":"2026-04-07 23:31:43"}
{"level":"info","message":"User Data Directory - \"/foundry/data\"","timestamp":"2026-04-07 23:31:43"}
{"level":"error","message":"A fatal error occurred while trying to start the Foundry Virtual Tabletop server: Foundry VTT cannot start in this directory which is already locked by another process.","stack":"Error: A fatal error occurred while trying to start the Foundry Virtual Tabletop server: Foundry VTT cannot start in this directory which is already locked by another process.\n    at acquireLockFile (file:///foundry/app/dist/init.mjs:1:5332)\n    at async initializeCriticalFunctions (file:///foundry/app/dist/init.mjs:1:2680)\n    at async Module.initialize (file:///foundry/app/dist/init.mjs:1:1624)","timestamp":"2026-04-07 23:31:43"}
{"level":"info","message":"Running on Node.js - Version 24.14.1","timestamp":"2026-04-07 23:32:23"}
{"level":"info","message":"Foundry Virtual Tabletop - Version 14 Build 359","timestamp":"2026-04-07 23:32:23"}
{"level":"info","message":"User Data Directory - \"/foundry/data\"","timestamp":"2026-04-07 23:32:23"}
{"level":"info","message":"Application Options:\n{\n  \"compressStatic\": true,\n  \"fullscreen\": false,\n  \"hostname\": null,\n  \"language\": \"en.core\",\n  \"localHostname\": null,\n  \"port\": 30000,\n  \"proxyPort\": null,\n  \"proxySSL\": false,\n  \"routePrefix\": null,\n  \"updateChannel\": \"stable\",\n  \"upnp\": true,\n  \"awsConfig\": null,\n  \"compressSocket\": true,\n  \"cssTheme\": \"dark\",\n  \"tempDir\": null,\n  \"deleteNEDB\": false,\n  \"hotReload\": false,\n  \"passwordSalt\": null,\n  \"unixSocket\": null,\n  \"sslCert\": null,\n  \"sslKey\": null,\n  \"world\": null,\n  \"serviceConfig\": null,\n  \"adminPassword\": null,\n  \"noBackups\": false\n}","timestamp":"2026-04-07 23:32:23"}
{"level":"warn","message":"Software license requires signature.","timestamp":"2026-04-07 23:32:23"}
{"level":"info","message":"Requesting UPnP port forwarding to destination port 30000","timestamp":"2026-04-07 23:32:23"}
{"level":"info","message":"Server started and listening on port 30000","timestamp":"2026-04-07 23:32:26"}
{"level":"info","message":"Shutting down Foundry Virtual Tabletop server","timestamp":"2026-04-07 23:36:12"}
{"level":"info","message":"Running on Node.js - Version 24.14.1","timestamp":"2026-04-07 23:37:11"}
{"level":"info","message":"Foundry Virtual Tabletop - Version 14 Build 359","timestamp":"2026-04-07 23:37:11"}
{"level":"info","message":"User Data Directory - \"/foundry/data\"","timestamp":"2026-04-07 23:37:11"}
{"level":"info","message":"Application Options:\n{\n  \"compressStatic\": true,\n  \"fullscreen\": false,\n  \"hostname\": null,\n  \"language\": \"en.core\",\n  \"localHostname\": null,\n  \"port\": 30000,\n  \"proxyPort\": null,\n  \"proxySSL\": false,\n  \"routePrefix\": null,\n  \"updateChannel\": \"stable\",\n  \"upnp\": true,\n  \"awsConfig\": null,\n  \"compressSocket\": true,\n  \"cssTheme\": \"dark\",\n  \"tempDir\": null,\n  \"deleteNEDB\": false,\n  \"hotReload\": false,\n  \"passwordSalt\": null,\n  \"unixSocket\": null,\n  \"sslCert\": null,\n  \"sslKey\": null,\n  \"world\": null,\n  \"serviceConfig\": null,\n  \"adminPassword\": null,\n  \"noBackups\": false\n}","timestamp":"2026-04-07 23:37:11"}
{"level":"warn","message":"Software license requires signature.","timestamp":"2026-04-07 23:37:11"}
{"level":"info","message":"Requesting UPnP port forwarding to destination port 30000","timestamp":"2026-04-07 23:37:11"}
{"level":"info","message":"Server started and listening on port 30000","timestamp":"2026-04-07 23:37:14"}
{"level":"info","message":"Shutting down Foundry Virtual Tabletop server","timestamp":"2026-04-07 23:39:59"}
{"level":"info","message":"Running on Node.js - Version 24.14.1","timestamp":"2026-04-07 23:40:01"}
{"level":"info","message":"Foundry Virtual Tabletop - Version 14 Build 359","timestamp":"2026-04-07 23:40:01"}
{"level":"info","message":"User Data Directory - \"/foundry/data\"","timestamp":"2026-04-07 23:40:01"}
{"level":"info","message":"Application Options:\n{\n  \"compressStatic\": true,\n  \"fullscreen\": false,\n  \"hostname\": null,\n  \"language\": \"en.core\",\n  \"localHostname\": null,\n  \"port\": 30000,\n  \"proxyPort\": null,\n  \"proxySSL\": false,\n  \"routePrefix\": null,\n  \"updateChannel\": \"stable\",\n  \"upnp\": true,\n  \"awsConfig\": null,\n  \"compressSocket\": true,\n  \"cssTheme\": \"dark\",\n  \"tempDir\": null,\n  \"deleteNEDB\": false,\n  \"hotReload\": false,\n  \"passwordSalt\": null,\n  \"unixSocket\": null,\n  \"sslCert\": null,\n  \"sslKey\": null,\n  \"world\": null,\n  \"serviceConfig\": null,\n  \"adminPassword\": null,\n  \"noBackups\": false\n}","timestamp":"2026-04-07 23:40:01"}
{"level":"warn","message":"Software license requires signature.","timestamp":"2026-04-07 23:40:01"}
{"level":"info","message":"Requesting UPnP port forwarding to destination port 30000","timestamp":"2026-04-07 23:40:01"}
{"level":"info","message":"Server started and listening on port 30000","timestamp":"2026-04-07 23:40:04"}
{"level":"info","message":"Created client session 328ef6f22cda0c408effb499","timestamp":"2026-04-07 23:42:18"}
{"level":"info","message":"License signature successfully created. Thank you and please enjoy Foundry Virtual Tabletop.","timestamp":"2026-04-07 23:43:31"}
{"level":"info","message":"Software license verification succeeded","timestamp":"2026-04-07 23:43:31"}
{"level":"info","message":"Saved application configuration options to /foundry/data/Config/options.json","timestamp":"2026-04-07 23:43:35"}
